// Jest Snapshot v1, https://goo.gl/fbAQLP

exports[`renders correctly 1`] = `
.c0 {
  width: 1200px;
}

<div>
  <div
    class="c0"
  />
</div>
`;
