// Jest Snapshot v1, https://goo.gl/fbAQLP

exports[`renders correctly 1`] = `
.c0 {
  text-align: center;
  margin-bottom: 15px;
}

.c0 img {
  max-width: 100%;
}

<div>
  <span
    class="c0"
  >
    <img
      alt="test"
      src="http://fakeurl"
    />
  </span>
</div>
`;
