// Jest Snapshot v1, https://goo.gl/fbAQLP

exports[`Index should be rendered correctly 1`] = `
<div>
  <div
    class="Layout-zrzck-0 bgOuGU"
  >
    <div
      class="Wrapper-sc-1lkgs7-0 jjnCXr"
    >
      <div
        class="ButtonGroup-ruhkmw-0 fitOAb"
      >
        <div
          class="Box-sc-1hbv20g-0 hGtRHH"
        >
          <svg
            class="LikeCount__Heart-c1av5f-0 jNpQuz"
            viewBox="0 0 391.837 391.837"
            xmlns="http://www.w3.org/2000/svg"
          >
            <path
              d="M285.257 35.528c58.743.286 106.294 47.836 106.58 106.58 0 107.624-195.918 214.204-195.918 214.204S0 248.165 0 142.108c0-58.862 47.717-106.58 106.58-106.58a105.534 105.534 0 0 1 89.339 48.065 106.578 106.578 0 0 1 89.338-48.065z"
              fill="#d7443e"
            />
          </svg>
          <span
            class="BoxText-a8f6lv-0 fhwVnc"
          >
            1
             ürün
          </span>
        </div>
        <div
          class="Box-sc-1hbv20g-0 doRRdl"
        >
          <button
            class="FilterButton__Button-sc-9jzwea-0 gguiys"
          >
            Beğendiklerim
          </button>
        </div>
      </div>
      <div
        class="ProductCardContainer__Container-sc-1axx2t2-0 bBEipT"
      >
        <h2>
          İlginizi Çekebilecek Ürünler
        </h2>
        <div
          class="ProductCardContainer__GridContainer-sc-1axx2t2-1 ibgoXt"
        >
          <div
            class="ProductCard__Container-jr7vdt-0 ibiiel"
          >
            <button
              class="LikeButton__Button-nl0htv-0 dsbjUz"
            >
              <svg
                class="LikeButton__Heart-nl0htv-1 ABSrV"
                viewBox="0 0 391.837 391.837"
                xmlns="http://www.w3.org/2000/svg"
              >
                <path
                  d="M285.257 35.528c58.743.286 106.294 47.836 106.58 106.58 0 107.624-195.918 214.204-195.918 214.204S0 248.165 0 142.108c0-58.862 47.717-106.58 106.58-106.58a105.534 105.534 0 0 1 89.339 48.065 106.578 106.578 0 0 1 89.338-48.065z"
                  fill="#d7443e"
                />
              </svg>
            </button>
            <a
              href="http://localhost:4001/image/256/iphone_11.jpg"
            >
              <span
                class="ProductImage__Container-jau957-0 eEAwFj"
              >
                <img
                  alt="http://localhost:4001/image/256/iphone_11.jpg"
                  src="http://localhost:4001/image/256/iphone_11.jpg"
                />
              </span>
              <span
                class="ProductTitle-sc-1tx9xcg-0 cIqNJk"
                data-testid="product-title"
              >
                Apple iPhone 11 128 GB Pro Cep Telefonu Apple Türkiye Garantili
              </span>
              <span
                class="ProductPrice-sc-17u85r7-0 kDOrHs"
              >
                1250
              </span>
              <span
                class="ProductDelivery__ProductDeliveryContainer-sc-1bjux91-0 jRsjew"
              >
                <svg
                  class="ProductDelivery__Icon-sc-1bjux91-1 ciTpiH"
                  viewBox="0 -104 512 512"
                  xmlns="http://www.w3.org/2000/svg"
                >
                  <path
                    d="M365 3.016c44.39 10.3 61.371 36.257 82.66 71.984H365zM105.578 78c8.692 0 15 4.195 15 14 0 8.27-6.691 14.977-14.957 15H15c-8.285 0-15 6.719-15 15 0 8.285 6.715 15 15 15h135c8.363 0 15.059 6.71 15.059 15 0 8.285-6.715 15-15 15H15c-8.285 0-15 6.715-15 15s6.715 15 15 15h33v45c0 8.285 6.715 15 15 15h30.152c5.375 26.477 28.77 46 56.348 46s50.973-19.523 56.348-46h152.304c5.375 26.477 28.77 46 56.348 46s50.973-19.523 56.348-46H497c8.285 0 15-6.715 15-15v-90c0-44.012-46.422-46.934-46.465-47H350c-8.285 0-15-6.715-15-15V0H63c-8.285 0-15 6.715-15 15v33H30c-8.285 0-15 6.715-15 15s6.715 15 15 15zm328.367 148.055c10.739 10.738 10.739 28.156 0 38.894C416.672 282.223 387 269.934 387 245.5c0-24.43 29.672-36.719 46.945-19.445zm-265 0c10.739 10.738 10.739 28.156 0 38.894C151.672 282.223 122 269.934 122 245.5c0-24.43 29.672-36.719 46.945-19.445zm0 0"
                    fill="#1CB55E"
                    fill-rule="evenodd"
                  />
                </svg>
                 
                Ücretsiz
              </span>
            </a>
          </div>
          <div
            class="ProductCard__Container-jr7vdt-0 ibiiel"
          >
            <button
              class="LikeButton__Button-nl0htv-0 ggUova"
            >
              <svg
                class="LikeButton__Heart-nl0htv-1 ABSrV"
                viewBox="0 0 391.837 391.837"
                xmlns="http://www.w3.org/2000/svg"
              >
                <path
                  d="M285.257 35.528c58.743.286 106.294 47.836 106.58 106.58 0 107.624-195.918 214.204-195.918 214.204S0 248.165 0 142.108c0-58.862 47.717-106.58 106.58-106.58a105.534 105.534 0 0 1 89.339 48.065 106.578 106.578 0 0 1 89.338-48.065z"
                  fill="#d7443e"
                />
              </svg>
            </button>
            <a
              href="http://localhost:4001/image/256/iphone_11.jpg"
            >
              <span
                class="ProductImage__Container-jau957-0 eEAwFj"
              >
                <img
                  alt="http://localhost:4001/image/256/iphone_11.jpg"
                  src="http://localhost:4001/image/256/iphone_11.jpg"
                />
              </span>
              <span
                class="ProductTitle-sc-1tx9xcg-0 cIqNJk"
                data-testid="product-title"
              >
                Apple iPhone 12 128 GB Pro Cep Telefonu Apple Türkiye Garantili
              </span>
              <span
                class="ProductPrice-sc-17u85r7-0 kDOrHs"
              >
                1250
              </span>
              <span
                class="ProductDelivery__ProductDeliveryContainer-sc-1bjux91-0 jRsjew"
              >
                <svg
                  class="ProductDelivery__Icon-sc-1bjux91-1 ciTpiH"
                  viewBox="0 -104 512 512"
                  xmlns="http://www.w3.org/2000/svg"
                >
                  <path
                    d="M365 3.016c44.39 10.3 61.371 36.257 82.66 71.984H365zM105.578 78c8.692 0 15 4.195 15 14 0 8.27-6.691 14.977-14.957 15H15c-8.285 0-15 6.719-15 15 0 8.285 6.715 15 15 15h135c8.363 0 15.059 6.71 15.059 15 0 8.285-6.715 15-15 15H15c-8.285 0-15 6.715-15 15s6.715 15 15 15h33v45c0 8.285 6.715 15 15 15h30.152c5.375 26.477 28.77 46 56.348 46s50.973-19.523 56.348-46h152.304c5.375 26.477 28.77 46 56.348 46s50.973-19.523 56.348-46H497c8.285 0 15-6.715 15-15v-90c0-44.012-46.422-46.934-46.465-47H350c-8.285 0-15-6.715-15-15V0H63c-8.285 0-15 6.715-15 15v33H30c-8.285 0-15 6.715-15 15s6.715 15 15 15zm328.367 148.055c10.739 10.738 10.739 28.156 0 38.894C416.672 282.223 387 269.934 387 245.5c0-24.43 29.672-36.719 46.945-19.445zm-265 0c10.739 10.738 10.739 28.156 0 38.894C151.672 282.223 122 269.934 122 245.5c0-24.43 29.672-36.719 46.945-19.445zm0 0"
                    fill="#1CB55E"
                    fill-rule="evenodd"
                  />
                </svg>
                 
                Ücretsiz
              </span>
            </a>
          </div>
        </div>
      </div>
    </div>
  </div>
</div>
`;
