// Jest Snapshot v1, https://goo.gl/fbAQLP

exports[`renders correctly 1`] = `
.c0 {
  background-color: white;
  color: black;
  padding: 20px;
  border-radius: 10px 10px 2px 2px;
  border-left: 1px solid #c6c5c5;
  border-right: 1px solid #c6c5c5;
}

.c0 h2 {
  color: #404040;
  font-weight: bold;
  font-size: 1.5rem;
}

.c1 {
  display: grid;
  grid-template-columns: 1fr 1fr 1fr 1fr;
  grid-gap: 10px;
  margin-top: 20px;
}

.c3 {
  height: 32px;
  width: 32px;
  border-radius: 16px;
  display: -webkit-box;
  display: -webkit-flex;
  display: -ms-flexbox;
  display: flex;
  -webkit-box-pack: center;
  -webkit-justify-content: center;
  -ms-flex-pack: center;
  justify-content: center;
  -webkit-align-items: center;
  -webkit-box-align: center;
  -ms-flex-align: center;
  align-items: center;
  background-color: #eeeeee;
  position: absolute;
  right: 20px;
  top: 20px;
  border: none;
  cursor: pointer;
}

.c3:focus {
  outline: none;
}

.c3 svg path {
  -webkit-transition-duration: 0.2s;
  transition-duration: 0.2s;
  fill: #eeeeee;
  stroke: black;
  stroke-width: 5;
}

.c4 {
  height: 18px;
}

.c7 {
  border-radius: 10px;
  background-color: #f4f4f4;
  padding: 15px;
  font-size: 1.3rem;
  font-weight: bold;
  margin-bottom: 15px;
}

.c6 {
  font-weight: bold;
  color: #4d4d4d;
  font-size: 1rem;
  overflow: hidden;
  text-overflow: ellipsis;
  display: -webkit-box;
  -webkit-line-clamp: 2;
  -webkit-box-orient: vertical;
  margin-bottom: 15px;
  width: calc(100% - 10px);
}

.c8 {
  font-size: 0.8rem;
  font-weight: bold;
  color: #898989;
  display: -webkit-box;
  display: -webkit-flex;
  display: -ms-flexbox;
  display: flex;
  -webkit-align-items: center;
  -webkit-box-align: center;
  -ms-flex-align: center;
  align-items: center;
}

.c9 {
  height: 18px;
  width: 18px;
  margin: 0 10px;
}

.c5 {
  text-align: center;
  margin-bottom: 15px;
}

.c5 img {
  max-width: 100%;
}

.c2 {
  border: 1px solid #f1f1f1;
  border-radius: 5px;
  padding: 15px;
  position: relative;
}

.c2 a {
  display: -webkit-box;
  display: -webkit-flex;
  display: -ms-flexbox;
  display: flex;
  -webkit-flex-direction: column;
  -ms-flex-direction: column;
  flex-direction: column;
  -webkit-text-decoration: none;
  text-decoration: none;
  color: black;
  font-size: 1rem;
}

@media only screen and (max-width:1200px) {
  .c1 {
    grid-template-columns: auto auto auto;
  }
}

@media only screen and (max-width:860px) {
  .c1 {
    grid-template-columns: 1fr 1fr;
  }
}

@media only screen and (max-width:568px) {
  .c1 {
    grid-template-columns: 1fr;
  }
}

<div>
  <div
    class="c0"
  >
    <h2>
      Test
    </h2>
    <div
      class="c1"
    >
      <div
        class="c2"
      >
        <button
          class="c3"
        >
          <svg
            class="c4"
            viewBox="0 0 391.837 391.837"
            xmlns="http://www.w3.org/2000/svg"
          >
            <path
              d="M285.257 35.528c58.743.286 106.294 47.836 106.58 106.58 0 107.624-195.918 214.204-195.918 214.204S0 248.165 0 142.108c0-58.862 47.717-106.58 106.58-106.58a105.534 105.534 0 0 1 89.339 48.065 106.578 106.578 0 0 1 89.338-48.065z"
              fill="#d7443e"
            />
          </svg>
        </button>
        <a
          href="http://localhost:4001/image/256/iphone_11.jpg"
        >
          <span
            class="c5"
          >
            <img
              alt="http://localhost:4001/image/256/iphone_11.jpg"
              src="http://localhost:4001/image/256/iphone_11.jpg"
            />
          </span>
          <span
            class="c6"
            data-testid="product-title"
          >
            Apple iPhone 11 128 GB Pro Cep Telefonu Apple Türkiye Garantili
          </span>
          <span
            class="c7"
          >
            1,250.00 TL
          </span>
          <span
            class="c8"
          >
            <svg
              class="c9"
              viewBox="0 -104 512 512"
              xmlns="http://www.w3.org/2000/svg"
            >
              <path
                d="M365 3.016c44.39 10.3 61.371 36.257 82.66 71.984H365zM105.578 78c8.692 0 15 4.195 15 14 0 8.27-6.691 14.977-14.957 15H15c-8.285 0-15 6.719-15 15 0 8.285 6.715 15 15 15h135c8.363 0 15.059 6.71 15.059 15 0 8.285-6.715 15-15 15H15c-8.285 0-15 6.715-15 15s6.715 15 15 15h33v45c0 8.285 6.715 15 15 15h30.152c5.375 26.477 28.77 46 56.348 46s50.973-19.523 56.348-46h152.304c5.375 26.477 28.77 46 56.348 46s50.973-19.523 56.348-46H497c8.285 0 15-6.715 15-15v-90c0-44.012-46.422-46.934-46.465-47H350c-8.285 0-15-6.715-15-15V0H63c-8.285 0-15 6.715-15 15v33H30c-8.285 0-15 6.715-15 15s6.715 15 15 15zm328.367 148.055c10.739 10.738 10.739 28.156 0 38.894C416.672 282.223 387 269.934 387 245.5c0-24.43 29.672-36.719 46.945-19.445zm-265 0c10.739 10.738 10.739 28.156 0 38.894C151.672 282.223 122 269.934 122 245.5c0-24.43 29.672-36.719 46.945-19.445zm0 0"
                fill="#1CB55E"
                fill-rule="evenodd"
              />
            </svg>
             
            Ücretsiz
          </span>
        </a>
      </div>
    </div>
  </div>
</div>
`;
